// Jest Snapshot v1, https://goo.gl/fbAQLP

exports[`renders correctly 1`] = `
<div>
  <div
    className="container"
  >
    <div
      className="row"
    >
      <div
        className="card col-md-6 offset-md-3 offset-md-3"
      >
        <h3
          className="text-center"
        >
          Add Delivery
        </h3>
        <div
          className="card-body"
        >
          <form>
            <div
              className="form-group"
            >
              <label>
                Enter Person Name
              </label>
              <input
                name="personName"
                onChange={[Function]}
                placeholder="Person Name"
                required={true}
                value=""
              />
            </div>
            <div
              className="form-group"
            >
              <label>
                Enter Delivery Date(yyyy-mm-dd)
              </label>
              <input
                className="form-control"
                name="deliveryDate"
                onChange={[Function]}
                placeholder="Delivery Date"
                value=""
              />
            </div>
            <div
              className="form-group"
            >
              <label>
                Status
              </label>
              <select
                id="status"
                name="status"
                onChange={[Function]}
              >
                <option
                  value="Delivered"
                >
                  Delivered
                </option>
                <option
                  selected={true}
                  value="Pending"
                >
                  Pending
                </option>
              </select>
            </div>
            <button
              className="btn btn-success"
              onClick={[Function]}
            >
              Save
            </button>
            <button
              className="btn btn-danger"
              onClick={[Function]}
              style={
                Object {
                  "marginLeft": "10px",
                }
              }
            >
              Cancel
            </button>
          </form>
        </div>
      </div>
    </div>
  </div>
</div>
`;
