// Jest Snapshot v1, https://goo.gl/fbAQLP

exports[`renders correctly 1`] = `
<div>
  <h2
    className="text-center"
  >
    Vehicle List
  </h2>
  <div
    className="row"
  >
    <button
      className="btn btn-primary"
      onClick={[Function]}
    >
      Add Vehicle
    </button>
  </div>
  <div
    className="row"
  >
    <table
      className="table table-striped table-bordered"
    >
      <thead>
        <tr>
          <th>
            Vehicle Number
          </th>
          <th>
            Parking Number
          </th>
          <th>
            Basement Level
          </th>
          <th>
            Vehicle Type
          </th>
          <th>
            Actions
          </th>
        </tr>
      </thead>
      <tbody />
    </table>
  </div>
</div>
`;
