// Jest Snapshot v1, https://goo.gl/fbAQLP

exports[`renders correctly 1`] = `
<div>
  <h2
    className="text-center"
  >
    Security Alert List
  </h2>
  <div
    className="row"
  >
    <button
      className="btn btn-primary"
      onClick={[Function]}
    >
      Add Security Alert
    </button>
  </div>
  <div
    className="row"
  >
    <table
      className="table table-striped table-bordered"
    >
      <thead>
        <tr>
          <th>
            Alert Id
          </th>
          <th>
            Alert Message
          </th>
          <th>
            Alert Date
          </th>
          <th>
            Alert Type
          </th>
          <th>
            Actions
          </th>
        </tr>
      </thead>
      <tbody />
    </table>
  </div>
</div>
`;
